<html>
<body>
<pre>
<h1>礦ision Build Log</h1>
<h2>Tool Versions:</h2>
IDE-Version: μVision V5.14.0.0
Copyright (C) 2015 ARM Ltd and ARM Germany GmbH. All rights reserved.
License Information: sunon sunon, xhlt, LIC=NHYKP-M4WUW-IN1A7-EFD0L-SR474-DQXSJ
 
Tool Versions:
Toolchain:       MDK-ARM Professional  Version: 5.14.0.0
Toolchain Path:  C:\Keil_v5\ARM\ARMCC\Bin
C Compiler:      Armcc.exe V5.05 update 1 (build 106)
Assembler:       Armasm.exe V5.05 update 1 (build 106)
Linker/Locator:  ArmLink.exe V5.05 update 1 (build 106)
Library Manager: ArmAr.exe V5.05 update 1 (build 106)
Hex Converter:   FromElf.exe V5.05 update 1 (build 106)
CPU DLL:         SARMCM3.DLL V5.14.0.0
Dialog DLL:      DARMCM1.DLL V1.12.0.0
Target DLL:      STLink\ST-LINKIII-KEIL_SWO.dll V2.0.14.0_KEIL
Dialog DLL:      TARMCM1.DLL V1.9.0.0
 
<h2>Project:</h2>
D:\工作\遥控器\软件\ADC_DMA\MDK-ARM\ADC_DMA.uvprojx
Project File Date:  12/12/2018

<h2>Output:</h2>
Build target 'ADC_DMA'
compiling main.c...
linking...
Program Size: Code=5596 RO-data=252 RW-data=100 ZI-data=2044  
".\ADC_DMA\ADC_DMA.axf" - 0 Error(s), 0 Warning(s).

<h2>Collection of Component include folders:</h2>
  D:\工作\遥控器\软件\ADC_DMA\MDK-ARM\RTE
  C:\Keil_v5\ARM\PACK\Keil\STM32F0xx_DFP\2.0.0

<h2>Collection of Component Files used:</h2>
</pre>
</body>
</html>
